---
source: tests/regression.rs
expression: snap
---
converged: true
iterations: 11
coefficients:
  mu:
    - "6.4602e1"
    - "-3.1546e1"
    - "8.5236e0"
    - "4.8074e1"
    - "8.8307e1"
    - "1.2698e2"
  sigma:
    - "-9.8908e-2"
edf:
  mu: "6.0000e0"
  sigma: "1.0000e0"
lambdas:
  mu:
    - "3.4874e-9"
  sigma: []
log_likelihood: "-1.5840e2"
aic: "3.3081e2"
bic: "3.5032e2"
